// Vitest Snapshot v1, https://vitest.dev/guide/snapshot.html

exports[`product displayed as expected 1`] = `
<div>
  <h1>
    All Products
  </h1>
  <div>
    <select>
      <option
        value="cat"
      >
        Category
      </option>
      <option
        value="alpha"
      >
        Alphabet
      </option>
      <option
        value="price"
      >
        Price
      </option>
    </select>
    <button>
      <svg
        fill="none"
        height="24"
        stroke="currentColor"
        stroke-linecap="round"
        stroke-linejoin="round"
        stroke-width="2"
        viewBox="0 0 24 24"
        width="24"
        xmlns="http://www.w3.org/2000/svg"
      >
        <path
          d="M0 0h24v24H0z"
          fill="none"
          stroke="none"
        />
        <path
          d="M12 5l0 14"
        />
        <path
          d="M18 11l-6 -6"
        />
        <path
          d="M6 11l6 -6"
        />
      </svg>
    </button>
  </div>
  <div>
    <div
      data-testid="title"
    >
      Fjallraven - Foldsack No. 1 Backpack, Fits 15 Laptops
    </div>
  </div>
</div>
`;

exports[`sorts into order > default order category 1`] = `
[
  "Fjallraven - Foldsack No. 1 Backpack, Fits 15 Laptops",
  "Mens Casual Premium Slim Fit T-Shirts ",
  "Mens Cotton Jacket",
  "Mens Casual Slim Fit",
  "John Hardy Women's Legends Naga Gold & Silver Dragon Station Chain Bracelet",
  "Solid Gold Petite Micropave ",
  "White Gold Plated Princess",
  "Pierced Owl Rose Gold Plated Stainless Steel Double",
  "WD 2TB Elements Portable External Hard Drive - USB 3.0 ",
  "SanDisk SSD PLUS 1TB Internal SSD - SATA III 6 Gb/s",
  "Silicon Power 256GB SSD 3D NAND A55 SLC Cache Performance Boost SATA III 2.5",
  "WD 4TB Gaming Drive Works with Playstation 4 Portable External Hard Drive",
  "Acer SB220Q bi 21.5 inches Full HD (1920 x 1080) IPS Ultra-Thin",
  "Samsung 49-Inch CHG90 144Hz Curved Gaming Monitor (LC49HG90DMNXZA) â€“ Super Ultrawide Screen QLED ",
  "BIYLACLESEN Women's 3-in-1 Snowboard Jacket Winter Coats",
  "Lock and Love Women's Removable Hooded Faux Leather Moto Biker Jacket",
  "Rain Jacket Women Windbreaker Striped Climbing Raincoats",
  "MBJ Women's Solid Short Sleeve Boat Neck V ",
  "Opna Women's Short Sleeve Moisture",
  "DANVOUY Womens T Shirt Casual Cotton Short",
]
`;
